#-----------------------------------------------------------
# Vivado v2023.1 (64-bit)
# SW Build 3865809 on Sun May  7 15:05:29 MDT 2023
# IP Build 3864474 on Sun May  7 20:36:21 MDT 2023
# SharedData Build 3865790 on Sun May 07 13:33:03 MDT 2023
# Start of session at: Thu May  9 15:05:32 2024
# Process ID: 4376
# Current directory: C:/Users/mrede/Documents/ee560/labs/lab0-nexys-a7-test/new/syn/test-nexys-a7.runs/impl_1
# Command line: vivado.exe -log test_nexys_a7.vdi -applog -product Vivado -messageDb vivado.pb -mode batch -source test_nexys_a7.tcl -notrace
# Log file: C:/Users/mrede/Documents/ee560/labs/lab0-nexys-a7-test/new/syn/test-nexys-a7.runs/impl_1/test_nexys_a7.vdi
# Journal file: C:/Users/mrede/Documents/ee560/labs/lab0-nexys-a7-test/new/syn/test-nexys-a7.runs/impl_1\vivado.jou
# Running On: LAPTOP-QMESTU0A, OS: Windows, CPU Frequency: 2803 MHz, CPU Physical cores: 4, Host memory: 16889 MB
#-----------------------------------------------------------
source test_nexys_a7.tcl -notrace
